Fetching 8 files:   0%|          | 0/8 [00:00<?, ?it/s]Xet Storage is enabled for this repo, but the 'hf_xet' package is not installed. Falling back to regular HTTP download. For better performance, install the package with: `pip install huggingface_hub[hf_xet]` or `pip install hf_xet`
Xet Storage is enabled for this repo, but the 'hf_xet' package is not installed. Falling back to regular HTTP download. For better performance, install the package with: `pip install huggingface_hub[hf_xet]` or `pip install hf_xet`
Fetching 8 files:  12%|█▎        | 1/8 [00:00<00:04,  1.64it/s]Fetching 8 files:  25%|██▌       | 2/8 [00:00<00:02,  2.18it/s]Fetching 8 files:  38%|███▊      | 3/8 [00:01<00:01,  2.90it/s]Fetching 8 files:  88%|████████▊ | 7/8 [00:01<00:00,  3.66it/s]Fetching 8 files:  88%|████████▊ | 7/8 [00:20<00:02,  2.86s/it]Fetching 8 files: 100%|██████████| 8/8 [00:46<00:00,  5.82s/it]Fetching 8 files: 100%|██████████| 8/8 [00:46<00:00,  5.82s/it]
`torch_dtype` is deprecated! Use `dtype` instead!
Moving the following attributes in the config to the generation config: {'max_length': 256, 'num_beams': 5}. You are seeing this warning because you've set generation parameters in the model config, as opposed to in the generation config.
D:\vscode_repo\OneVoice\Prototype\.venv\lib\site-packages\transformers\models\m2m_100\modeling_m2m_100.py:158: TracerWarning: Converting a tensor to a Python boolean might cause the trace to be incorrect. We can't record the data flow of Python values, so this value will be treated as a constant in the future. This means that the trace might not generalize to other inputs!
  if max_pos > self.weights.size(0):
D:\vscode_repo\OneVoice\Prototype\.venv\lib\site-packages\transformers\modeling_attn_mask_utils.py:196: TracerWarning: torch.tensor results are registered as constants in the trace. You can safely ignore this warning if you use this function to create tensors out of constant variables that would be the same every time you call this function. In any other case, this might cause the trace to be incorrect.
  inverted_mask = torch.tensor(1.0, dtype=dtype) - expanded_mask
D:\vscode_repo\OneVoice\Prototype\.venv\lib\site-packages\transformers\integrations\sdpa_attention.py:81: TracerWarning: Converting a tensor to a Python boolean might cause the trace to be incorrect. We can't record the data flow of Python values, so this value will be treated as a constant in the future. This means that the trace might not generalize to other inputs!
  is_causal = query.shape[2] > 1 and attention_mask is None and getattr(module, "is_causal", True)
D:\vscode_repo\OneVoice\Prototype\.venv\lib\site-packages\transformers\models\m2m_100\modeling_m2m_100.py:688: TracerWarning: Converting a tensor to a Python boolean might cause the trace to be incorrect. We can't record the data flow of Python values, so this value will be treated as a constant in the future. This means that the trace might not generalize to other inputs!
  if sequence_length != 1:
D:\vscode_repo\OneVoice\Prototype\.venv\lib\site-packages\transformers\cache_utils.py:132: TracerWarning: Converting a tensor to a Python boolean might cause the trace to be incorrect. We can't record the data flow of Python values, so this value will be treated as a constant in the future. This means that the trace might not generalize to other inputs!
  if not self.is_initialized or self.keys.numel() == 0:
D:\vscode_repo\OneVoice\Prototype\.venv\lib\site-packages\transformers\integrations\sdpa_attention.py:86: TracerWarning: Converting a tensor to a Python number might cause the trace to be incorrect. We can't record the data flow of Python values, so this value will be treated as a constant in the future. This means that the trace might not generalize to other inputs!
  is_causal = is_causal.item()
Weight deduplication check in the ONNX export requires accelerate. Please install accelerate to run it.
		-[x] values not close enough, max diff: 7.915496826171875e-05 (atol: 1e-05)
The ONNX export succeeded with the warning: The maximum absolute difference between the output of the reference model and the ONNX exported model is not within the set tolerance 1e-05:
- logits: max diff = 7.915496826171875e-05.
 The exported model was saved at: models/nmt/small100-fp32
The tokenizer class you load from this checkpoint is not the same type as the class this function is called from. It may result in unexpected tokenization. 
The tokenizer class you load from this checkpoint is 'M2M100Tokenizer'. 
The class this function is called from is 'SMALL100Tokenizer'.
{
  "tag": "vi-ko-small100",
  "hf_id": "alirezamsh/small100",
  "n_runs": 90,
  "n_sentences": 30,
  "p50_ms": 306.68745000002673,
  "p95_ms": 498.3703050007533,
  "p50_ci95": [
    285.82784999980504,
    330.09239999955753
  ],
  "p95_ci95": [
    420.03163000008493,
    791.7261399997176
  ],
  "mean_out_tokens": 14.166666666666666,
  "peak_rss_mb": 6050.66796875,
  "int8_size_mb": 580.9073438644409,
  "fp32_size_mb": 2282.540491104126,
  "env": {
    "cpu": "Intel64 Family 6 Model 170 Stepping 4, GenuineIntel",
    "threads": 2,
    "ort": "1.23.2",
    "platform": "Windows-10-10.0.26200-SP0",
    "logical_cpus": 22
  },
  "config": {
    "model_dir": "models\\nmt\\small100-fp32",
    "tag": "vi-ko-small100",
    "hf_id": "alirezamsh/small100",
    "threads": 2,
    "max_new_tokens": 48,
    "num_beams": 1,
    "warmup": 3,
    "repeats": 3,
    "seed": 1234,
    "limit_ms": 500.0,
    "sentences_file": "configs\\sentences_vi.txt",
    "tokenizer_kind": "small100",
    "tgt_lang": "ko"
  },
  "pass_limit": true
}
